Spreadsheet runtime warmup failed during python startup
Traceback (most recent call last):
  File "/tmp/tmp.yTcnQsZYiA/artifact_tool_v2-2.8.4/artifact_tool/patches/warm_spreadsheet_runtime_on_startup.py", line 26, in warm_spreadsheet_runtime_on_startup
  File "/tmp/tmp.yTcnQsZYiA/artifact_tool_v2-2.8.4/artifact_tool/spreadsheet_warmup.py", line 785, in warm_spreadsheet_runtime
  File "/tmp/tmp.yTcnQsZYiA/artifact_tool_v2-2.8.4/artifact_tool/spreadsheet_warmup.py", line 720, in _warm_feature_flows
  File "/tmp/tmp.yTcnQsZYiA/artifact_tool_v2-2.8.4/artifact_tool/spreadsheet_warmup.py", line 704, in _warm_collaboration_flows
  File "/tmp/tmp.yTcnQsZYiA/artifact_tool_v2-2.8.4/artifact_tool/generated/interface/models.py", line 30820, in hydrate_crdt_from_proto
  File "/tmp/tmp.yTcnQsZYiA/artifact_tool_v2-2.8.4/artifact_tool/rpc/remote.py", line 749, in __call__
  File "/tmp/tmp.yTcnQsZYiA/artifact_tool_v2-2.8.4/artifact_tool/rpc/client.py", line 150, in call
artifact_tool.rpc.client.RemoteError: hydrateCrdtFromProto requires an empty collaborative document.

==================================== ERRORS ====================================
[31m[1m____________ ERROR collecting tests/integration/test_memory_fts.py _____________[0m
[31mImportError while importing test module '/mnt/data/anh-duong-core-task4-1-work/assembled/anh-duong-core/tests/integration/test_memory_fts.py'.
Hint: make sure your test modules/packages have valid Python names.
Traceback:
[1m[31m/usr/lib/python3.13/importlib/__init__.py[0m:88: in import_module
    [0m[94mreturn[39;49;00m _bootstrap._gcd_import(name[level:], package, level)[90m[39;49;00m
           ^^^^^^^^^^^^^^^^^^^^^^^^^^^^^^^^^^^^^^^^^^^^^^^^^^^^[90m[39;49;00m
[1m[31mtests/integration/test_memory_fts.py[0m:9: in <module>
    [0m[94mfrom[39;49;00m[90m [39;49;00m[04m[96mapp[39;49;00m[04m[96m.[39;49;00m[04m[96mmemory[39;49;00m[90m [39;49;00m[94mimport[39;49;00m ([90m[39;49;00m
[1m[31mE   ImportError: cannot import name 'MemoryNotFound' from 'app.memory' (/mnt/data/anh-duong-core-task4-1-work/assembled/anh-duong-core/app/memory/__init__.py)[0m[0m
[36m[1m=========================== short test summary info ============================[0m
[31mERROR[0m tests/integration/test_memory_fts.py
!!!!!!!!!!!!!!!!!!!! Interrupted: 1 error during collection !!!!!!!!!!!!!!!!!!!!
[31m[31m[1m1 error[0m[31m in 0.12s[0m[0m
